Reusing configuration cache.
> Task :app:generateDebugAssets UP-TO-DATE
> Task :app:bundleOriginalCache UP-TO-DATE
> Task :app:preBuild UP-TO-DATE
> Task :app:preDebugBuild UP-TO-DATE
> Task :app:generateDebugResources UP-TO-DATE
> Task :app:mergeDebugNativeDebugMetadata NO-SOURCE
> Task :app:packageDebugResources UP-TO-DATE
> Task :app:javaPreCompileDebug UP-TO-DATE
> Task :app:mergeDebugAssets UP-TO-DATE
> Task :app:processDebugNavigationResources UP-TO-DATE
> Task :app:compressDebugAssets UP-TO-DATE
> Task :app:generateDebugGlobalSynthetics UP-TO-DATE
> Task :app:parseDebugLocalResources UP-TO-DATE
> Task :app:generateDebugRFile UP-TO-DATE
> Task :app:checkDebugDuplicateClasses UP-TO-DATE
> Task :app:desugarDebugFileDependencies UP-TO-DATE
> Task :app:mergeExtDexDebug UP-TO-DATE
> Task :app:mergeLibDexDebug UP-TO-DATE
> Task :app:compileDebugKotlin NO-SOURCE
> Task :app:checkDebugAarMetadata UP-TO-DATE
> Task :app:processDebugJavaRes NO-SOURCE
> Task :app:compileDebugJavaWithJavac UP-TO-DATE
> Task :app:mapDebugSourceSetPaths UP-TO-DATE
> Task :app:compileDebugNavigationResources UP-TO-DATE
> Task :app:mergeDebugJavaResource UP-TO-DATE
> Task :app:mergeDebugResources UP-TO-DATE
> Task :app:extractDeepLinksDebug UP-TO-DATE
> Task :app:createDebugCompatibleScreenManifests UP-TO-DATE
> Task :app:processDebugMainManifest UP-TO-DATE
> Task :app:processDebugManifest UP-TO-DATE
> Task :app:processDebugManifestForPackage UP-TO-DATE
> Task :app:processDebugResources UP-TO-DATE
> Task :app:dexBuilderDebug UP-TO-DATE
> Task :app:mergeProjectDexDebug UP-TO-DATE
> Task :app:configureCMakeDebug[arm64-v8a]
> Task :app:configureCMakeDebug[x86_64]

> Task :app:buildCMakeDebug[x86_64]
C/C++: ninja: Entering directory `C:\Users\adamc\Desktop\workspace\DH_sc\port\android-native\app\.cxx\Debug\5a1n3w3m\x86_64'
C/C++: C:/Users/adamc/Desktop/workspace/DH_sc/port/engine-ui/character_menu_queries_owner_v1.cpp:178:29: warning: missing field 'strings' initializer [-Wmissing-field-initializers]
C/C++:   178 |   SkillFrame frame{*this,c,e};HudInitInput16 input{reinterpret_cast<std::uintptr_t>(&c),std::uint32_t(count),std::uint32_t(count)};HudInitServices16 services{&frame,SkillFrame::service};unsigned entry=equal("NativeGetSkillDetails")?1:equal("NativeSkillGetEquipedSkillsIDs")?0:2;auto status=dh2_ui_hud_initialization_v1(&input,entry,&services);if(status<0){if(e.empty())e="Source HUD query malformed projection";return false;}return true;
C/C++:       |                             ^
C/C++: 1 warning generated.

> Task :app:mergeDebugJniLibFolders UP-TO-DATE
> Task :app:validateSigningDebug UP-TO-DATE
> Task :app:writeDebugAppMetadata UP-TO-DATE
> Task :app:writeDebugSigningConfigVersions UP-TO-DATE

> Task :app:buildCMakeDebug[arm64-v8a]
C/C++: ninja: Entering directory `C:\Users\adamc\Desktop\workspace\DH_sc\port\android-native\app\.cxx\Debug\5a1n3w3m\arm64-v8a'
C/C++: C:/Users/adamc/Desktop/workspace/DH_sc/port/engine-ui/character_menu_queries_owner_v1.cpp:178:29: warning: missing field 'strings' initializer [-Wmissing-field-initializers]
C/C++:   178 |   SkillFrame frame{*this,c,e};HudInitInput16 input{reinterpret_cast<std::uintptr_t>(&c),std::uint32_t(count),std::uint32_t(count)};HudInitServices16 services{&frame,SkillFrame::service};unsigned entry=equal("NativeGetSkillDetails")?1:equal("NativeSkillGetEquipedSkillsIDs")?0:2;auto status=dh2_ui_hud_initialization_v1(&input,entry,&services);if(status<0){if(e.empty())e="Source HUD query malformed projection";return false;}return true;
C/C++:       |                             ^
C/C++: 1 warning generated.

> Task :app:mergeDebugNativeLibs
> Task :app:stripDebugDebugSymbols
> Task :app:packageDebug
> Task :app:assembleDebug
> Task :app:createDebugApkListingFileRedirect UP-TO-DATE

BUILD SUCCESSFUL in 33s
40 actionable tasks: 7 executed, 33 up-to-date
Configuration cache entry reused.
