INFO         | Android emulator version 37.2.12.0 (build_id 16428233) (CL:N/A)
INFO         | Graphics backend: gfxstream
INFO         | Found systemPath C:\Users\adamc\AppData\Local\Android\Sdk\system-images\android-37.0\google_apis_playstore\x86_64\
INFO         | Crashreporting disabled, not reporting crashes.
INFO         | Guest usage of host flag 'VulkanVirtualQueue' will be ignored.
INFO         | Increasing RAM size to 4096MB
INFO         | IPv4 server found: 10.0.0.138
INFO         | Ignore IPv6 address: b0b8:6d81:9102:0:b0b8:6d81:9102:0
INFO         | Ignore IPv6 address: b0b8:6d81:9102:0:b0b8:6d81:9102:0
INFO         | Ignore IPv6 address: b0b8:6d81:9102:0:b0b8:6d81:9102:0
INFO         | Ignore IPv6 address: 88d3:6d81:9102:0:b0b8:6d81:9102:0
INFO         | Ignore IPv6 address: 88d3:6d81:9102:0:b0b8:6d81:9102:0
INFO         | Ignore IPv6 address: 88d3:6d81:9102:0:b0b8:6d81:9102:0
INFO         | Ignore IPv6 address: a0d9:6d81:9102:0:b0b8:6d81:9102:0
INFO         | Ignore IPv6 address: a0d9:6d81:9102:0:b0b8:6d81:9102:0
INFO         | Ignore IPv6 address: a0d9:6d81:9102:0:b0b8:6d81:9102:0
INFO         | Ignore IPv6 address: c0df:6d81:9102:0:b0b8:6d81:9102:0
INFO         | Ignore IPv6 address: c0df:6d81:9102:0:b0b8:6d81:9102:0
INFO         | Ignore IPv6 address: c0df:6d81:9102:0:b0b8:6d81:9102:0
INFO         | Ignore IPv6 address: e0e5:6d81:9102:0:b0b8:6d81:9102:0
INFO         | Ignore IPv6 address: e0e5:6d81:9102:0:b0b8:6d81:9102:0
INFO         | Ignore IPv6 address: e0e5:6d81:9102:0:b0b8:6d81:9102:0
INFO         | Ignore IPv6 address: 8ec:6d81:9102:0:b0b8:6d81:9102:0
INFO         | Ignore IPv6 address: 8ec:6d81:9102:0:b0b8:6d81:9102:0
INFO         | Ignore IPv6 address: 8ec:6d81:9102:0:b0b8:6d81:9102:0
INFO         | Guest GLES Driver: Auto (ext controls)
INFO         | emuglConfig_init: vulkan_mode_selected:swiftshader gles_mode_selected:swiftshader
INFO         | Checking system compatibility:
INFO         |   Checking: hasCompatibleHypervisor
INFO         |      Ok: Hypervisor compatibility to run avd: `Medium_Phone_API_37.0` are met
INFO         |   Checking: hasSufficientSystem
INFO         |      Ok: System requirements to run avd: `Medium_Phone_API_37.0` are met
INFO         |   Checking: hasSufficientHwGpu
INFO         |      Ok: Hardware GPU compatibility checks are not required
INFO         |   Checking: hasSufficientDiskSpace
INFO         |      Ok: Disk space requirements to run avd: `Medium_Phone_API_37.0` are met
WARNING      | Emulator does not support more than 6 cores. Number of cores set to 6
INFO         | Warning: SetProcessDpiAwarenessContext(DPI_AWARENESS_CONTEXT_PER_MONITOR_AWARE_V2) failed: COM error 0x5: Access is denied.
Qt's default DPI awareness context is DPI_AWARENESS_CONTEXT_PER_MONITOR_AWARE_V2. If you know what you are doing you can overwrite this default using qt.conf (https://doc.qt.io/qt-6/highdpi.html#configuring-windows) (:0, )
INFO         | Critical: Failed to load opengl32sw (The specified module could not be found.) (:0, )
INFO         | Warning: Software OpenGL failed. Falling back to system OpenGL. (:0, )
INFO         | Initializing gfxstream backend
INFO         | startOpenglesRendererImpl: gpu info
INFO         | GPU #1
  Make: 10de
  Model: NVIDIA GeForce RTX 4070 SUPER
  Device ID: 2783

INFO         | Vulkan 1.4 is not supported for the guest and won't be enabled
INFO         | Disabling implicit Vulkan layers to avoid compatibility issues. Set VK_LOADER_LAYERS_DISABLE manually to disable this behavior.
INFO         | initIcdPaths: ICD set to 'swiftshader', using Swiftshader ICD
INFO         | Setting ICD filenames for the loader = C:\Users\adamc\AppData\Local\Android\Sdk\emulator\lib64\vulkan\vk_swiftshader_icd.json
INFO         | SharedLibrary::open for [C:\Users\adamc\AppData\Local\Android\Sdk\emulator\qemu\windows-x86_64\lib64\vulkan\vulkan-1.dll]
INFO         | SharedLibrary::open for [C:\Users\adamc\AppData\Local\Android\Sdk\emulator\lib64\vulkan\vulkan-1.dll]
INFO         | Added library: C:\Users\adamc\AppData\Local\Android\Sdk\emulator\lib64\vulkan\vulkan-1.dll
INFO         | Selecting Vulkan device: SwiftShader Device (LLVM 10.0.0), Version: 1.2.0
INFO         | Using Vulkan externalMemoryMode: HostAllocation for VkEmulation
INFO         | Format VK_FORMAT_G10X6_B10X6R10X6_2PLANE_420_UNORM_3PACK16 does not support YCbCr sampler conversion
INFO         | Format VK_FORMAT_G10X6_B10X6R10X6_2PLANE_422_UNORM_3PACK16 does not support YCbCr sampler conversion
INFO         | Initializing VkEmulation features:
INFO         |     glInteropSupported: false
INFO         |     useDeferredCommands: true
INFO         |     createResourceWithRequirements: true
INFO         |     useVulkanComposition: false
INFO         |     useVulkanNativeSwapchain: false
INFO         |     enable guestRenderDoc: false
INFO         |     ASTC LDR emulation mode: Gpu
INFO         |     enable ETC2 emulation: true
INFO         |     enable Ycbcr emulation: false
INFO         |     guestVulkanOnly: false
INFO         |     useDedicatedAllocations: false
INFO         |     guestVulkanMaxApiVersion: 1.3.0
INFO         |     enableProtectedMemoryEmulation: false
INFO         | Graphics Adapter Vendor Google (Google Inc.)
INFO         | Graphics Adapter Android Emulator OpenGL ES Translator (Google SwiftShader)
INFO         | Graphics API Version OpenGL ES 3.0 (OpenGL ES 3.0 SwiftShader 4.0.0.1)
INFO         | Graphics API Extensions GL_OES_EGL_sync GL_OES_EGL_image GL_OES_EGL_image_external GL_OES_depth24 GL_OES_depth32 GL_OES_element_index_uint GL_OES_texture_float GL_OES_texture_float_linear GL_OES_compressed_paletted_texture GL_OES_compressed_ETC1_RGB8_texture GL_OES_depth_texture GL_OES_texture_half_float GL_OES_texture_half_float_linear GL_OES_packed_depth_stencil GL_OES_vertex_half_float GL_OES_standard_derivatives GL_OES_texture_npot GL_OES_rgb8_rgba8 GL_EXT_color_buffer_float GL_EXT_color_buffer_half_float GL_EXT_texture_format_BGRA8888 GL_APPLE_texture_format_BGRA8888 
INFO         | Graphics Device Extensions N/A
INFO         | Disabling sparse binding feature support
INFO         | Sending adb public key [QAAAALtpcYaNDHyEXKK2LFiOB+VYs/Z+jUJwO3UK/OXk3B8zpcQFAN2fDK04qhnP8VFjskbzwMq3RlqvBNLcur7G7SK02RosJ19atYtnxCoYRfxuqNaGsRrsAd7i9j4j02sZZXMEqcIn7EuTsr3dB5+/cKID+BA2+Lmbp2O/bb9n54eOlLGvNV5E5VQ2JjM8CIRvkabtXzMypGfQPB5OjMPzIp25eqhUGU9e53gKwZcZPDpgE3/leMxwu/beFbznCoKl0ZkrvdrI420Xjq1ibJ7PSdbyWCML2vhn1QQqiJSSO0vov7IDFSivNfasVIZm8xY2lNG0yDqKiWbUG1lFGT7iv/Ffp/nKsdb0tjdYaeGbzKy71CD0OCseZD537lDUo+L+WFMs9gokB5sVsKLmOJJtfVCnlNgOmQ8CUqTemisRWgl4ejxjXbqwN3MuSrQcPcUHjfF9qOrt1mpJVQaQ/jm/GC22A3BEc//xqDyVCArRFHBWjXJWD75lqbhNsEwzC2KDE0yezItKSN9PPmg9Agu3Pi8bc62kaJXi0j3fel8VyD03Tyci9csxrEmcxmT2QjS+ZEghzkQ0NNLWWz4A8IV0f/CS7GcXhjPOGFhhXSdjmliefvWzKJVKwtx/FzBnqOLglJcqrCfCanRwg4JUw0Gh0Zx5XCcAlfDTyA+F0tBhdCOjpo4+JgEAAQA= @unknown]
INFO         | Userspace boot properties:
INFO         |   androidboot.boot_devices=pci0000:00/0000:00:03.0 pci0000:00/0000:00:06.0
INFO         |   androidboot.dalvik.vm.heapsize=576m
INFO         |   androidboot.debug.hwui.renderer=skiagl
INFO         |   androidboot.debug.sf.nobootanimation=1
INFO         |   androidboot.hardware=ranchu
INFO         |   androidboot.hardware.gltransport=pipe
INFO         |   androidboot.hardware.vulkan=ranchu
INFO         |   androidboot.logcat=*:V
INFO         |   androidboot.opengles.version=196608
INFO         |   androidboot.qemu=1
INFO         |   androidboot.qemu.adb.pubkey=QAAAALtpcYaNDHyEXKK2LFiOB+VYs/Z+jUJwO3UK/OXk3B8zpcQFAN2fDK04qhnP8VFjskbzwMq3RlqvBNLcur7G7SK02RosJ19atYtnxCoYRfxuqNaGsRrsAd7i9j4j02sZZXMEqcIn7EuTsr3dB5+/cKID+BA2+Lmbp2O/bb9n54eOlLGvNV5E5VQ2JjM8CIRvkabtXzMypGfQPB5OjMPzIp25eqhUGU9e53gKwZcZPDpgE3/leMxwu/beFbznCoKl0ZkrvdrI420Xjq1ibJ7PSdbyWCML2vhn1QQqiJSSO0vov7IDFSivNfasVIZm8xY2lNG0yDqKiWbUG1lFGT7iv/Ffp/nKsdb0tjdYaeGbzKy71CD0OCseZD537lDUo+L+WFMs9gokB5sVsKLmOJJtfVCnlNgOmQ8CUqTemisRWgl4ejxjXbqwN3MuSrQcPcUHjfF9qOrt1mpJVQaQ/jm/GC22A3BEc//xqDyVCArRFHBWjXJWD75lqbhNsEwzC2KDE0yezItKSN9PPmg9Agu3Pi8bc62kaJXi0j3fel8VyD03Tyci9csxrEmcxmT2QjS+ZEghzkQ0NNLWWz4A8IV0f/CS7GcXhjPOGFhhXSdjmliefvWzKJVKwtx/FzBnqOLglJcqrCfCanRwg4JUw0Gh0Zx5XCcAlfDTyA+F0tBhdCOjpo4+JgEAAQA= @unknown
INFO         |   androidboot.qemu.avd_name=Medium_Phone_API_37.0
INFO         |   androidboot.qemu.camera_hq_edge_processing=0
INFO         |   androidboot.qemu.camera_protocol_ver=1
INFO         |   androidboot.qemu.cpuvulkan.version=4210688
INFO         |   androidboot.qemu.gltransport.drawFlushInterval=800
INFO         |   androidboot.qemu.gltransport.name=pipe
INFO         |   androidboot.qemu.hwcodec.avcdec=2
INFO         |   androidboot.qemu.hwcodec.hevcdec=2
INFO         |   androidboot.qemu.hwcodec.vpxdec=2
INFO         |   androidboot.qemu.settings.system.screen_off_timeout=2147483647
INFO         |   androidboot.qemu.skin=1080x2400
INFO         |   androidboot.qemu.virtiowifi=1
INFO         |   androidboot.qemu.vsync=60
INFO         |   androidboot.serialno=EMULATOR37X2X12X0
INFO         |   androidboot.vbmeta.digest=bb50238116ebb95ca407415523d34be28a89696874f73533dd0f9f9168801771
INFO         |   androidboot.vbmeta.hash_alg=sha256
INFO         |   androidboot.vbmeta.size=6720
INFO         |   androidboot.veritymode=enforcing
WHPX on Windows 10.0.26200 detected.
Windows Hypervisor Platform accelerator is operational
INFO         | Monitoring duration of emulator setup.
INFO         | Activated packet streamer for uwb emulation
INFO         | Activated packet streamer for bluetooth emulation
INFO         | Successfully initialized netsim WiFi
INFO         | Setting display: 0 configuration to: 1080x2400, dpi: 420x420 
INFO         | setDisplayActiveConfig: id:0, 1080x2400
INFO         | Checking system compatibility:
INFO         |   Checking: hasCompatibleHypervisor
INFO         |      Ok: Hypervisor compatibility to run avd: `Medium_Phone_API_37.0` are met
INFO         |   Checking: hasSufficientSystem
INFO         |      Ok: System requirements to run avd: `Medium_Phone_API_37.0` are met
INFO         |   Checking: hasSufficientHwGpu
INFO         |      Ok: Hardware GPU compatibility checks are not required
INFO         |   Checking: hasSufficientDiskSpace
INFO         |      Ok: Disk space requirements to run avd: `Medium_Phone_API_37.0` are met
WARNING      | getEnvironmentConfig: No environment config is provided
INFO         | getEnvironmentConfig: Using default virtual scene mode for the environment.
INFO         | getEnvironmentConfig: Using default configuration for mode mesh3d for the environment.
INFO         | Initializing a scene with mode: mesh3d, argument: Toren1BD.obj
USER_INFO    | Emulator is performing a full startup. This may take upto two minutes, or more.
INFO         | Warning: QMetaObject::connectSlotsByName: No matching signal for on_rgbcSensorValueWidget_valueChanged() (:0, )
INFO         | Warning: QMetaObject::connectSlotsByName: No matching signal for on_posture_valueChanged(int) (:0, )
INFO         | TouchpadHolder: registering via hw_xr_led agent for instance=00000293231650A0
INFO         | Warning: QObject::connect: Cannot queue arguments of type 'std::vector<android::emulation::control::SnapshotInfo>'
(Make sure 'std::vector<android::emulation::control::SnapshotInfo>' is registered using qRegisterMetaType().) (:0, )
INFO         | AVD supportsNativeGLES=1, supportsGuestAngle=1
INFO         | Guest Angle is still unstable for API > 35.
INFO         | Created extended window in 162.39ms
WARNING      | adb command 'C:\Users\adamc\AppData\Local\Android\Sdk\platform-tools\adb.exe -s emulator-5554 shell getprop sys.boot_completed ' failed: 'adb.exe: device offline'
INFO         | Critical: UpdateLayeredWindowIndirect failed for ptDst=(155, 145), size=(300x21), dirty=(300x21 0, 0) (A device attached to the system is not functioning.) (:0, )
INFO         | Boot completed in 17372 ms
INFO         | Increasing screen off timeout, logcat buffer size to 2M.
INFO         | IPv4 server found: 10.0.0.138
INFO         | Ignore IPv6 address: e0f6:b65c:9302:0:e0f6:b65c:9302:0
INFO         | Ignore IPv6 address: e0f6:b65c:9302:0:e0f6:b65c:9302:0
INFO         | Ignore IPv6 address: e0f6:b65c:9302:0:e0f6:b65c:9302:0
INFO         | Ignore IPv6 address: b811:b75c:9302:0:e0f6:b65c:9302:0
INFO         | Ignore IPv6 address: b811:b75c:9302:0:e0f6:b65c:9302:0
INFO         | Ignore IPv6 address: b811:b75c:9302:0:e0f6:b65c:9302:0
INFO         | Ignore IPv6 address: d017:b75c:9302:0:e0f6:b65c:9302:0
INFO         | Ignore IPv6 address: d017:b75c:9302:0:e0f6:b65c:9302:0
INFO         | Ignore IPv6 address: d017:b75c:9302:0:e0f6:b65c:9302:0
INFO         | Ignore IPv6 address: f01d:b75c:9302:0:e0f6:b65c:9302:0
INFO         | Ignore IPv6 address: f01d:b75c:9302:0:e0f6:b65c:9302:0
INFO         | Ignore IPv6 address: f01d:b75c:9302:0:e0f6:b65c:9302:0
INFO         | Ignore IPv6 address: 1024:b75c:9302:0:e0f6:b65c:9302:0
INFO         | Ignore IPv6 address: 1024:b75c:9302:0:e0f6:b65c:9302:0
INFO         | Ignore IPv6 address: 1024:b75c:9302:0:e0f6:b65c:9302:0
INFO         | Ignore IPv6 address: 382a:b75c:9302:0:e0f6:b65c:9302:0
INFO         | Ignore IPv6 address: 382a:b75c:9302:0:e0f6:b65c:9302:0
INFO         | Ignore IPv6 address: 382a:b75c:9302:0:e0f6:b65c:9302:0
INFO         | IPv4 server found: 10.0.0.138
INFO         | Ignore IPv6 address: e0f6:b65c:9302:0:e0f6:b65c:9302:0
INFO         | Ignore IPv6 address: e0f6:b65c:9302:0:e0f6:b65c:9302:0
INFO         | Ignore IPv6 address: e0f6:b65c:9302:0:e0f6:b65c:9302:0
INFO         | Ignore IPv6 address: b811:b75c:9302:0:e0f6:b65c:9302:0
INFO         | Ignore IPv6 address: b811:b75c:9302:0:e0f6:b65c:9302:0
INFO         | Ignore IPv6 address: b811:b75c:9302:0:e0f6:b65c:9302:0
INFO         | Ignore IPv6 address: d017:b75c:9302:0:e0f6:b65c:9302:0
INFO         | Ignore IPv6 address: d017:b75c:9302:0:e0f6:b65c:9302:0
INFO         | Ignore IPv6 address: d017:b75c:9302:0:e0f6:b65c:9302:0
INFO         | Ignore IPv6 address: f01d:b75c:9302:0:e0f6:b65c:9302:0
INFO         | Ignore IPv6 address: f01d:b75c:9302:0:e0f6:b65c:9302:0
INFO         | Ignore IPv6 address: f01d:b75c:9302:0:e0f6:b65c:9302:0
INFO         | Ignore IPv6 address: 1024:b75c:9302:0:e0f6:b65c:9302:0
INFO         | Ignore IPv6 address: 1024:b75c:9302:0:e0f6:b65c:9302:0
INFO         | Ignore IPv6 address: 1024:b75c:9302:0:e0f6:b65c:9302:0
INFO         | Ignore IPv6 address: 382a:b75c:9302:0:e0f6:b65c:9302:0
INFO         | Ignore IPv6 address: 382a:b75c:9302:0:e0f6:b65c:9302:0
INFO         | Ignore IPv6 address: 382a:b75c:9302:0:e0f6:b65c:9302:0
INFO         | IPv4 server found: 10.0.0.138
INFO         | Ignore IPv6 address: e0f6:b65c:9302:0:e0f6:b65c:9302:0
INFO         | Ignore IPv6 address: e0f6:b65c:9302:0:e0f6:b65c:9302:0
INFO         | Ignore IPv6 address: e0f6:b65c:9302:0:e0f6:b65c:9302:0
INFO         | Ignore IPv6 address: b811:b75c:9302:0:e0f6:b65c:9302:0
INFO         | Ignore IPv6 address: b811:b75c:9302:0:e0f6:b65c:9302:0
INFO         | Ignore IPv6 address: b811:b75c:9302:0:e0f6:b65c:9302:0
INFO         | Ignore IPv6 address: d017:b75c:9302:0:e0f6:b65c:9302:0
INFO         | Ignore IPv6 address: d017:b75c:9302:0:e0f6:b65c:9302:0
INFO         | Ignore IPv6 address: d017:b75c:9302:0:e0f6:b65c:9302:0
INFO         | Ignore IPv6 address: f01d:b75c:9302:0:e0f6:b65c:9302:0
INFO         | Ignore IPv6 address: f01d:b75c:9302:0:e0f6:b65c:9302:0
INFO         | Ignore IPv6 address: f01d:b75c:9302:0:e0f6:b65c:9302:0
INFO         | Ignore IPv6 address: 1024:b75c:9302:0:e0f6:b65c:9302:0
INFO         | Ignore IPv6 address: 1024:b75c:9302:0:e0f6:b65c:9302:0
INFO         | Ignore IPv6 address: 1024:b75c:9302:0:e0f6:b65c:9302:0
INFO         | Ignore IPv6 address: 382a:b75c:9302:0:e0f6:b65c:9302:0
INFO         | Ignore IPv6 address: 382a:b75c:9302:0:e0f6:b65c:9302:0
INFO         | Ignore IPv6 address: 382a:b75c:9302:0:e0f6:b65c:9302:0
ERROR        | Failed to find ColorBuffer: 241
ERROR        | Failed to bind to texture: invalid color buffer