INFO         | Android emulator version 37.2.12.0 (build_id 16428233) (CL:N/A)
INFO         | Graphics backend: gfxstream
INFO         | Found systemPath C:\Users\adamc\AppData\Local\Android\Sdk\system-images\android-37.0\google_apis_playstore\x86_64\
INFO         | Guest usage of host flag 'VulkanVirtualQueue' will be ignored.
INFO         | Increasing RAM size to 4096MB
INFO         | IPv4 server found: 10.0.0.138
INFO         | Ignore IPv6 address: 2057:81fd:bb01:0:2057:81fd:bb01:0
INFO         | Ignore IPv6 address: 2057:81fd:bb01:0:2057:81fd:bb01:0
INFO         | Ignore IPv6 address: 2057:81fd:bb01:0:2057:81fd:bb01:0
INFO         | Ignore IPv6 address: f871:81fd:bb01:0:2057:81fd:bb01:0
INFO         | Ignore IPv6 address: f871:81fd:bb01:0:2057:81fd:bb01:0
INFO         | Ignore IPv6 address: f871:81fd:bb01:0:2057:81fd:bb01:0
INFO         | Ignore IPv6 address: 1078:81fd:bb01:0:2057:81fd:bb01:0
INFO         | Ignore IPv6 address: 1078:81fd:bb01:0:2057:81fd:bb01:0
INFO         | Ignore IPv6 address: 1078:81fd:bb01:0:2057:81fd:bb01:0
INFO         | Ignore IPv6 address: 307e:81fd:bb01:0:2057:81fd:bb01:0
INFO         | Ignore IPv6 address: 307e:81fd:bb01:0:2057:81fd:bb01:0
INFO         | Ignore IPv6 address: 307e:81fd:bb01:0:2057:81fd:bb01:0
INFO         | Ignore IPv6 address: 5084:81fd:bb01:0:2057:81fd:bb01:0
INFO         | Ignore IPv6 address: 5084:81fd:bb01:0:2057:81fd:bb01:0
INFO         | Ignore IPv6 address: 5084:81fd:bb01:0:2057:81fd:bb01:0
INFO         | Ignore IPv6 address: 788a:81fd:bb01:0:2057:81fd:bb01:0
INFO         | Ignore IPv6 address: 788a:81fd:bb01:0:2057:81fd:bb01:0
INFO         | Ignore IPv6 address: 788a:81fd:bb01:0:2057:81fd:bb01:0
INFO         | Guest GLES Driver: Auto (ext controls)
INFO         | emuglConfig_get_vulkan_hardware_gpu_support_info: Found physical GPU 'NVIDIA GeForce RTX 4070 SUPER', type: VK_PHYSICAL_DEVICE_TYPE_DISCRETE_GPU, apiVersion: 1.4.351, driverVersion: 616.56

INFO         | emuglConfig_init: vulkan_mode_selected:host gles_mode_selected:host
INFO         | Checking system compatibility:
INFO         |   Checking: hasCompatibleHypervisor
INFO         |      Ok: Hypervisor compatibility to run avd: `Medium_Phone_API_37.0` are met
INFO         |   Checking: hasSufficientSystem
INFO         |      Ok: System requirements to run avd: `Medium_Phone_API_37.0` are met
INFO         |   Checking: hasSufficientHwGpu
INFO         |      Ok: Hardware GPU requirements to run avd: `Medium_Phone_API_37.0` are passed
INFO         |   Checking: hasSufficientDiskSpace
INFO         |      Ok: Disk space requirements to run avd: `Medium_Phone_API_37.0` are met
WARNING      | Emulator does not support more than 6 cores. Number of cores set to 6
INFO         | Critical: Failed to load opengl32sw (The specified module could not be found.) (:0, )
INFO         | Warning: Software OpenGL failed. Falling back to system OpenGL. (:0, )
INFO         | Storing crashdata in: C:\Users\adamc\AppData\Local\Temp\\AndroidEmulator\emu-crash-37.2.12.db, detection is enabled for process: 31648
INFO         | Showing crashdialog to get consent.
  module_list[0].crashpad_annotations["ERRLOG"] (type = 1) = adb protocol fault (couldn't read status length)
adb protocol fault (couldn't read status length)
adb protocol fault (couldn't read status length)
Unable to connect to adb daemon on port: 5037
Unable to connect to adb daemon on port: 5037
Unable to connect to adb daemon on port: 5037
Unable to connect to adb daemon on port: 5037

  module_list[0].crashpad_annotations["ro.build.fingerprint"] (type = 1) = google/generic_system_google/generic:17/CE2A.260420.019/15611780:user/dev-keys
  module_list[0].crashpad_annotations["free_ram"] (type = 1) = 8474
  module_list[0].crashpad_annotations["cpu_cores"] (type = 1) = 28
  module_list[0].crashpad_annotations["PlayStore.enabled"] (type = 1) = true
  module_list[0].crashpad_annotations["hw.lcd.width"] (type = 1) = 1080
  module_list[0].crashpad_annotations["hw.ramSize"] (type = 1) = 2048
  module_list[0].crashpad_annotations["hw.lcd.height"] (type = 1) = 2400
  module_list[0].crashpad_annotations["hw.gpu.mode"] (type = 1) = swiftshader_indirect
  module_list[0].crashpad_annotations["hw.sensor.hinge"] (type = 1) = ?
  module_list[0].crashpad_annotations["disk.dataPartition.size"] (type = 1) = 6442450944
  module_list[0].crashpad_annotations["avd_space"] (type = 1) = 236473809088
  module_list[0].crashpad_annotations["hw.cpu.ncore"] (type = 1) = 2
  module_list[0].crashpad_annotations["hw.gpu.enabled"] (type = 1) = yes
  module_list[0].crashpad_annotations["AVD_FLAVOR"] (type = 1) = AVD_OTHER
  module_list[0].crashpad_annotations["gfxstream_features"] (type = 1) = GlPipeChecksum, Vulkan, HasSharedSlotsHostMemoryAllocator, VulkanShaderFloat16Int8, GlAsyncSwap, GlDma, GlDirectMem, GlesDynamicVersion, RefCountPipe, HostComposition, VulkanNullOptionalStrings, YuvCache, VulkanIgnoredHandles, VulkanQueueSubmitWithCommands, HwcMultiConfigs, VulkanVirtualQueue, VulkanUseDedicatedAhbMemoryType, 
  module_list[0].crashpad_annotations["internal-msg"] (type = 1) = gpu found. vendor id 10de device id 0x2783
emuglConfig_init: gpu_mode_requested: swiftshader, no_window: 0
emuglConfig_init: GPU emulation enabled using Vulkan:'swiftshader' GLES:'swiftshader' modes
Deciding if GLDirectMem/Vulkan should be enabled. Selected GLES renderer: Swiftshader Indirect Selected Vulkan renderer: Swiftshader Indirect API level: 37 
Enabling Vulkan
Enabling GLDirectMem
Selecting Vulkan device: SwiftShader Device (LLVM 10.0.0), Version: 1.2.0
VkEmulation deviceInfo: 
hasGraphicsQueueFamily = 1
hasComputeQueueFamily = 1
externalMemoryMode = HostAllocation
supportsExternalMemoryImport = 1
supportsExternalMemoryExport = 1
supportsDriverProperties = 1
supportsExternalMemoryHostProps = 1
hasSamplerYcbcrConversionExtension = 1
supportsSamplerYcbcrConversion = 1
glInteropSupported = 0
hasNvidiaDeviceDiagnosticCheckpointsExtension = 0
supportsNvidiaDeviceDiagnosticCheckpoints = 0
supportsPrivateData = 0

Vulkan emulation initialized

  module_list[0].crashpad_annotations["command_line"] (type = 1) = -avd DH2_Loader_API37 -port 5590 -no-audio -no-boot-anim -no-snapshot -gpu swiftshader_indirect 
INFO         | No consent for crashreport 58283194-59f9-40cd-ab52-5a12aa7b9275, deleting.
INFO         | Initializing gfxstream backend
INFO         | startOpenglesRendererImpl: gpu info
INFO         | GPU #1
  Make: 10de
  Model: NVIDIA GeForce RTX 4070 SUPER
  Device ID: 2783

INFO         | Vulkan 1.4 is not supported for the guest and won't be enabled
INFO         | Disabling implicit Vulkan layers to avoid compatibility issues. Set VK_LOADER_LAYERS_DISABLE manually to disable this behavior.
INFO         | SharedLibrary::open for [C:\Users\adamc\AppData\Local\Android\Sdk\emulator\qemu\windows-x86_64\lib64\vulkan\vulkan-1.dll]
INFO         | SharedLibrary::open for [C:\Users\adamc\AppData\Local\Android\Sdk\emulator\lib64\vulkan\vulkan-1.dll]
INFO         | Added library: C:\Users\adamc\AppData\Local\Android\Sdk\emulator\lib64\vulkan\vulkan-1.dll
INFO         | Selecting Vulkan device: NVIDIA GeForce RTX 4070 SUPER, Version: 1.4.351
INFO         | Using Vulkan externalMemoryMode: OpaqueWin32 for VkEmulation
INFO         | Initializing VkEmulation features:
INFO         |     glInteropSupported: true
INFO         |     useDeferredCommands: true
INFO         |     createResourceWithRequirements: true
INFO         |     useVulkanComposition: false
INFO         |     useVulkanNativeSwapchain: false
INFO         |     enable guestRenderDoc: false
INFO         |     ASTC LDR emulation mode: Gpu
INFO         |     enable ETC2 emulation: true
INFO         |     enable Ycbcr emulation: false
INFO         |     guestVulkanOnly: false
INFO         |     useDedicatedAllocations: false
INFO         |     guestVulkanMaxApiVersion: 1.3.0
INFO         |     enableProtectedMemoryEmulation: false
INFO         | Graphics Adapter Vendor Google (NVIDIA Corporation)
INFO         | Graphics Adapter Android Emulator OpenGL ES Translator (NVIDIA GeForce RTX 4070 SUPER/PCIe/SSE2)
INFO         | Graphics API Version OpenGL ES 3.0 (4.5.0 NVIDIA 616.56)
INFO         | Graphics API Extensions GL_OES_EGL_sync GL_OES_EGL_image GL_OES_EGL_image_external GL_OES_depth24 GL_OES_depth32 GL_OES_element_index_uint GL_OES_texture_float GL_OES_texture_float_linear GL_OES_compressed_paletted_texture GL_OES_compressed_ETC1_RGB8_texture GL_OES_depth_texture GL_OES_texture_half_float GL_OES_texture_half_float_linear GL_OES_packed_depth_stencil GL_OES_vertex_half_float GL_OES_texture_npot GL_OES_rgb8_rgba8 GL_OVR_multiview2 GL_EXT_multiview_texture_multisample GL_EXT_color_buffer_float GL_EXT_color_buffer_half_float GL_EXT_texture_format_BGRA8888 GL_APPLE_texture_format_BGRA8888 GL_EXT_texture_buffer 
INFO         | Graphics Device Extensions N/A
INFO         | Disabling sparse binding feature support
INFO         | Sending adb public key [QAAAALtpcYaNDHyEXKK2LFiOB+VYs/Z+jUJwO3UK/OXk3B8zpcQFAN2fDK04qhnP8VFjskbzwMq3RlqvBNLcur7G7SK02RosJ19atYtnxCoYRfxuqNaGsRrsAd7i9j4j02sZZXMEqcIn7EuTsr3dB5+/cKID+BA2+Lmbp2O/bb9n54eOlLGvNV5E5VQ2JjM8CIRvkabtXzMypGfQPB5OjMPzIp25eqhUGU9e53gKwZcZPDpgE3/leMxwu/beFbznCoKl0ZkrvdrI420Xjq1ibJ7PSdbyWCML2vhn1QQqiJSSO0vov7IDFSivNfasVIZm8xY2lNG0yDqKiWbUG1lFGT7iv/Ffp/nKsdb0tjdYaeGbzKy71CD0OCseZD537lDUo+L+WFMs9gokB5sVsKLmOJJtfVCnlNgOmQ8CUqTemisRWgl4ejxjXbqwN3MuSrQcPcUHjfF9qOrt1mpJVQaQ/jm/GC22A3BEc//xqDyVCArRFHBWjXJWD75lqbhNsEwzC2KDE0yezItKSN9PPmg9Agu3Pi8bc62kaJXi0j3fel8VyD03Tyci9csxrEmcxmT2QjS+ZEghzkQ0NNLWWz4A8IV0f/CS7GcXhjPOGFhhXSdjmliefvWzKJVKwtx/FzBnqOLglJcqrCfCanRwg4JUw0Gh0Zx5XCcAlfDTyA+F0tBhdCOjpo4+JgEAAQA= @unknown]
INFO         | Userspace boot properties:
INFO         |   androidboot.boot_devices=pci0000:00/0000:00:03.0 pci0000:00/0000:00:06.0
INFO         |   androidboot.dalvik.vm.heapsize=576m
INFO         |   androidboot.debug.hwui.renderer=skiagl
INFO         |   androidboot.debug.sf.nobootanimation=1
INFO         |   androidboot.hardware=ranchu
INFO         |   androidboot.hardware.gltransport=pipe
INFO         |   androidboot.hardware.vulkan=ranchu
INFO         |   androidboot.logcat=*:V
INFO         |   androidboot.opengles.version=196609
INFO         |   androidboot.qemu=1
INFO         |   androidboot.qemu.adb.pubkey=QAAAALtpcYaNDHyEXKK2LFiOB+VYs/Z+jUJwO3UK/OXk3B8zpcQFAN2fDK04qhnP8VFjskbzwMq3RlqvBNLcur7G7SK02RosJ19atYtnxCoYRfxuqNaGsRrsAd7i9j4j02sZZXMEqcIn7EuTsr3dB5+/cKID+BA2+Lmbp2O/bb9n54eOlLGvNV5E5VQ2JjM8CIRvkabtXzMypGfQPB5OjMPzIp25eqhUGU9e53gKwZcZPDpgE3/leMxwu/beFbznCoKl0ZkrvdrI420Xjq1ibJ7PSdbyWCML2vhn1QQqiJSSO0vov7IDFSivNfasVIZm8xY2lNG0yDqKiWbUG1lFGT7iv/Ffp/nKsdb0tjdYaeGbzKy71CD0OCseZD537lDUo+L+WFMs9gokB5sVsKLmOJJtfVCnlNgOmQ8CUqTemisRWgl4ejxjXbqwN3MuSrQcPcUHjfF9qOrt1mpJVQaQ/jm/GC22A3BEc//xqDyVCArRFHBWjXJWD75lqbhNsEwzC2KDE0yezItKSN9PPmg9Agu3Pi8bc62kaJXi0j3fel8VyD03Tyci9csxrEmcxmT2QjS+ZEghzkQ0NNLWWz4A8IV0f/CS7GcXhjPOGFhhXSdjmliefvWzKJVKwtx/FzBnqOLglJcqrCfCanRwg4JUw0Gh0Zx5XCcAlfDTyA+F0tBhdCOjpo4+JgEAAQA= @unknown
INFO         |   androidboot.qemu.avd_name=Medium_Phone_API_37.0
INFO         |   androidboot.qemu.camera_hq_edge_processing=0
INFO         |   androidboot.qemu.camera_protocol_ver=1
INFO         |   androidboot.qemu.cpuvulkan.version=4210688
INFO         |   androidboot.qemu.gltransport.drawFlushInterval=800
INFO         |   androidboot.qemu.gltransport.name=pipe
INFO         |   androidboot.qemu.hwcodec.avcdec=2
INFO         |   androidboot.qemu.hwcodec.hevcdec=2
INFO         |   androidboot.qemu.hwcodec.vpxdec=2
INFO         |   androidboot.qemu.settings.system.screen_off_timeout=2147483647
INFO         |   androidboot.qemu.skin=1080x2400
INFO         |   androidboot.qemu.virtiowifi=1
INFO         |   androidboot.qemu.vsync=60
INFO         |   androidboot.serialno=EMULATOR37X2X12X0
INFO         |   androidboot.vbmeta.digest=bb50238116ebb95ca407415523d34be28a89696874f73533dd0f9f9168801771
INFO         |   androidboot.vbmeta.hash_alg=sha256
INFO         |   androidboot.vbmeta.size=6720
INFO         |   androidboot.veritymode=enforcing
WHPX on Windows 10.0.26200 detected.
Windows Hypervisor Platform accelerator is operational
INFO         | Activated packet streamer for bluetooth emulation
INFO         | Activated packet streamer for uwb emulation
INFO         | Monitoring duration of emulator setup.
INFO         | Successfully initialized netsim WiFi
INFO         | Setting display: 0 configuration to: 1080x2400, dpi: 420x420 
INFO         | setDisplayActiveConfig: id:0, 1080x2400
INFO         | Checking system compatibility:
INFO         |   Checking: hasCompatibleHypervisor
INFO         |      Ok: Hypervisor compatibility to run avd: `Medium_Phone_API_37.0` are met
INFO         |   Checking: hasSufficientSystem
INFO         |      Ok: System requirements to run avd: `Medium_Phone_API_37.0` are met
INFO         |   Checking: hasSufficientHwGpu
INFO         |      Ok: Hardware GPU requirements to run avd: `Medium_Phone_API_37.0` are passed
INFO         |   Checking: hasSufficientDiskSpace
INFO         |      Ok: Disk space requirements to run avd: `Medium_Phone_API_37.0` are met
WARNING      | getEnvironmentConfig: No environment config is provided
INFO         | getEnvironmentConfig: Using default virtual scene mode for the environment.
INFO         | getEnvironmentConfig: Using default configuration for mode mesh3d for the environment.
INFO         | Initializing a scene with mode: mesh3d, argument: Toren1BD.obj
USER_INFO    | Emulator is performing a full startup. This may take upto two minutes, or more.
INFO         | Warning: QMetaObject::connectSlotsByName: No matching signal for on_rgbcSensorValueWidget_valueChanged() (:0, )
INFO         | Warning: QMetaObject::connectSlotsByName: No matching signal for on_posture_valueChanged(int) (:0, )
INFO         | TouchpadHolder: registering via hw_xr_led agent for instance=000001BC5448E830
INFO         | Warning: QObject::connect: Cannot queue arguments of type 'std::vector<android::emulation::control::SnapshotInfo>'
(Make sure 'std::vector<android::emulation::control::SnapshotInfo>' is registered using qRegisterMetaType().) (:0, )
INFO         | AVD supportsNativeGLES=1, supportsGuestAngle=1
INFO         | Guest Angle is still unstable for API > 35.
INFO         | Created extended window in 160.834ms
WARNING      | adb command 'C:\Users\adamc\AppData\Local\Android\Sdk\platform-tools\adb.exe -s emulator-5554 shell getprop sys.boot_completed ' failed: 'adb.exe: device offline'
WARNING      | adb command 'C:\Users\adamc\AppData\Local\Microsoft\WinGet\Packages\Google.PlatformTools_Microsoft.Winget.Source_8wekyb3d8bbwe\platform-tools\adb.exe -s emulator-5554 shell getprop sys.boot_completed ' failed: 'adb.exe: device offline'
INFO         | Critical: UpdateLayeredWindowIndirect failed for ptDst=(155, 145), size=(300x21), dirty=(300x21 0, 0) (A device attached to the system is not functioning.) (:0, )
INFO         | Boot completed in 1006216 ms
