linker: Warning: failed to find generated linker configuration from "/linkerconfig/ld.config.txt"
WARNING: linker: Warning: failed to find generated linker configuration from "/linkerconfig/ld.config.txt"
[zb] sysroot has no /system/etc/ld.config.arm.txt; using the device file
[zb] sysroot has no /linkerconfig/ld.config.txt; using the device file
linker: Warning: failed to find generated linker configuration from "/linkerconfig/ld.config.txt"
WARNING: linker: Warning: failed to find generated linker configuration from "/linkerconfig/ld.config.txt"
[zb] sysroot has no /system/etc/ld.config.txt; using the device file
[zb] sysroot has no /system/etc/ld.config.txt; using the device file
[zb] sysroot has no /odm/lib; using the device file
[zb] sysroot has no /vendor/lib; using the device file
[zb] sysroot has no /odm/lib/libnetd_client.so; using the device file
[zb] sysroot has no /vendor/lib/libnetd_client.so; using the device file
CFileSystem::open input=/workspace/scratch/283fa0994529/dh2-work/fold7-build/file-fixtures/ patched=0
basic_string
[zb] guest terminated by signal 6
[zb]   r0  00000000  r1  0000002d  r2  00000006  r3  feffe288
[zb]   r4  feffe288  r5  0000002d  r6  0000002d  r7  0000016b
[zb]   r8  00000000  r9  ffffffff  r10 fda4531c  r11 00000000
[zb]   r12 feffe298  r13 feffe280  r14 fdc907eb  r15 fdc907fe
[zb]   cpsr 000f0030  tls fdd6d48c  tid 45
[zb]   pc in /workspace/scratch/283fa0994529/dh2-work/research/ZettaBridge/sysroot/system/lib/libc.so offset 0x4b7fe
[zb]   lr in /workspace/scratch/283fa0994529/dh2-work/research/ZettaBridge/sysroot/system/lib/libc.so offset 0x4b7eb
